this hop: very wrap: such test
github.com/rossmacarthur/fudge/internal/fudgepb/fudgepb_test.go:52 TestFromProto
testing/testing.go:1576 tRunner
runtime/asm_arm64.s:1172 goexit