{
  "hops": [
    {
      "kind": 2,
      "binary": "fudgepb.test",
      "trace": [
        {
          "file": "github.com/rossmacarthur/fudge/internal/fudgepb/fudgepb_test.go",
          "function": "TestToProto.func6",
          "line": 208,
          "message": "such test"
        },
        {
          "file": "github.com/rossmacarthur/fudge/internal/fudgepb/fudgepb_test.go",
          "function": "TestToProto.func6",
          "line": 209,
          "message": "very wrap"
        },
        {
          "file": "github.com/rossmacarthur/fudge/internal/fudgepb/fudgepb_test.go",
          "function": "TestToProto.func10",
          "line": 241
        },
        {
          "file": "testing/testing.go",
          "function": "tRunner",
          "line": 1576
        },
        {
          "file": "runtime/asm_arm64.s",
          "function": "goexit",
          "line": 1172
        }
      ]
    }
  ]
}