{
  "hops": [
    {
      "kind": 1,
      "message": "context canceled",
      "code": "context.Canceled"
    }
  ]
}