{
  "hops":  [
    {
      "kind":  1,
      "message":  "EOF"
    }
  ]
}