package test

import "github.com/rossmacarthur/fudge/errors"

var ErrTest = errors.Sentinel("test error", "ERR_163f5f0f9a621d72")
