package test

import "github.com/rossmacarthur/fudge/errors"

var ErrTest = errors.Sentinel("test error", "ERR_1566c74d10037c4d")
