package test

import "github.com/rossmacarthur/fudge/errors"

var ErrTest = errors.New("test error")
