package test

import "github.com/rossmacarthur/fudge/errors"

var ErrTest = errors.Sentinel("test error", "ERR_7bbb0407d1e2c649")
